[     345ms] [INFO] %cDownload the React DevTools for a better development experience: https://react.dev/link/react-devtools font-weight:bold @ http://localhost:3001/_next/static/chunks/node_modules_next_dist_1ybzpk2._.js:2477
[     458ms] [ERROR] Failed to load resource: the server responded with a status of 404 () @ https://www.pinnaclemontessori360.com/stpaul/:0
[     460ms] [LOG] [HMR] connected @ http://localhost:3001/_next/static/chunks/node_modules_next_dist_1ybzpk2._.js:2477
[     462ms] [ERROR] Mixed Content: The page at 'https://www.pinnaclemontessori360.com/stpaul/' was loaded over HTTPS, but requested an insecure script 'http://code.jquery.com/jquery-3.3.1.min.js'. This request has been blocked; the content must be served over HTTPS. @ https://www.pinnaclemontessori360.com/stpaul/:0
[     468ms] ReferenceError: jQuery is not defined
    at https://www.pinnaclemontessori360.com/cgi-sys/js/simple-expand.min.js:4:2601
[     468ms] ReferenceError: $ is not defined
    at https://www.pinnaclemontessori360.com/stpaul/:160:9
[   94557ms] [ERROR] WebSocket connection to 'ws://localhost:3001/_next/webpack-hmr?id=WWL3ZonEBLHrsXJGfLBv-' failed: Error in connection establishment: net::ERR_CONNECTION_REFUSED @ http://localhost:3001/_next/static/chunks/node_modules_next_dist_client_0r5nbpw._.js:13422
[   95560ms] [ERROR] WebSocket connection to 'ws://localhost:3001/_next/webpack-hmr?id=WWL3ZonEBLHrsXJGfLBv-' failed: Error in connection establishment: net::ERR_CONNECTION_REFUSED @ http://localhost:3001/_next/static/chunks/node_modules_next_dist_client_0r5nbpw._.js:13422
[   96564ms] [ERROR] WebSocket connection to 'ws://localhost:3001/_next/webpack-hmr?id=WWL3ZonEBLHrsXJGfLBv-' failed: Error in connection establishment: net::ERR_CONNECTION_REFUSED @ http://localhost:3001/_next/static/chunks/node_modules_next_dist_client_0r5nbpw._.js:13422
[   97567ms] [ERROR] WebSocket connection to 'ws://localhost:3001/_next/webpack-hmr?id=WWL3ZonEBLHrsXJGfLBv-' failed: Error in connection establishment: net::ERR_CONNECTION_REFUSED @ http://localhost:3001/_next/static/chunks/node_modules_next_dist_client_0r5nbpw._.js:13422
[   98570ms] [ERROR] WebSocket connection to 'ws://localhost:3001/_next/webpack-hmr?id=WWL3ZonEBLHrsXJGfLBv-' failed: Error in connection establishment: net::ERR_CONNECTION_REFUSED @ http://localhost:3001/_next/static/chunks/node_modules_next_dist_client_0r5nbpw._.js:13422
[  103583ms] [ERROR] WebSocket connection to 'ws://localhost:3001/_next/webpack-hmr?id=WWL3ZonEBLHrsXJGfLBv-' failed: Error in connection establishment: net::ERR_CONNECTION_REFUSED @ http://localhost:3001/_next/static/chunks/node_modules_next_dist_client_0r5nbpw._.js:13422
[  108591ms] [ERROR] WebSocket connection to 'ws://localhost:3001/_next/webpack-hmr?id=WWL3ZonEBLHrsXJGfLBv-' failed: Error in connection establishment: net::ERR_CONNECTION_REFUSED @ http://localhost:3001/_next/static/chunks/node_modules_next_dist_client_0r5nbpw._.js:13422
[  113595ms] [ERROR] WebSocket connection to 'ws://localhost:3001/_next/webpack-hmr?id=WWL3ZonEBLHrsXJGfLBv-' failed: Error in connection establishment: net::ERR_CONNECTION_REFUSED @ http://localhost:3001/_next/static/chunks/node_modules_next_dist_client_0r5nbpw._.js:13422
[  118608ms] [ERROR] WebSocket connection to 'ws://localhost:3001/_next/webpack-hmr?id=WWL3ZonEBLHrsXJGfLBv-' failed: Error in connection establishment: net::ERR_CONNECTION_REFUSED @ http://localhost:3001/_next/static/chunks/node_modules_next_dist_client_0r5nbpw._.js:13422
[  123613ms] [ERROR] WebSocket connection to 'ws://localhost:3001/_next/webpack-hmr?id=WWL3ZonEBLHrsXJGfLBv-' failed: Error in connection establishment: net::ERR_CONNECTION_REFUSED @ http://localhost:3001/_next/static/chunks/node_modules_next_dist_client_0r5nbpw._.js:13422
[  128627ms] [ERROR] WebSocket connection to 'ws://localhost:3001/_next/webpack-hmr?id=WWL3ZonEBLHrsXJGfLBv-' failed: Error in connection establishment: net::ERR_CONNECTION_REFUSED @ http://localhost:3001/_next/static/chunks/node_modules_next_dist_client_0r5nbpw._.js:13422
[  133633ms] [ERROR] WebSocket connection to 'ws://localhost:3001/_next/webpack-hmr?id=WWL3ZonEBLHrsXJGfLBv-' failed: Error in connection establishment: net::ERR_CONNECTION_REFUSED @ http://localhost:3001/_next/static/chunks/node_modules_next_dist_client_0r5nbpw._.js:13422
