[     151ms] [INFO] %cDownload the React DevTools for a better development experience: https://react.dev/link/react-devtools font-weight:bold @ http://localhost:3001/_next/static/chunks/node_modules_next_dist_1ybzpk2._.js:2477
[     160ms] [ERROR] Failed to load resource: the server responded with a status of 400 (Bad Request) @ http://localhost:3001/_next/image?url=https%3A%2F%2Fplacehold.co%2F400x120%2F010C4E%2FFFA100%3Ftext%3DPinnacle%2BMontessori&w=828&q=75:0
[     164ms] [ERROR] Failed to load resource: the server responded with a status of 400 (Bad Request) @ http://localhost:3001/_next/image?url=https%3A%2F%2Fplacehold.co%2F1500x500%2F1e3a8a%2Fe2e8f0%3Ftext%3DPinnacle%2BMontessori%2Bof%2BSt.%2BPaul&w=3840&q=75:0
[     184ms] [ERROR] Failed to load resource: the server responded with a status of 400 (Bad Request) @ http://localhost:3001/_next/image?url=https%3A%2F%2Fplacehold.co%2F800x600%2F1e40af%2Fe2e8f0%3Ftext%3DMontessori%2BClassroom&w=3840&q=75:0
[     186ms] [ERROR] Failed to load resource: the server responded with a status of 400 (Bad Request) @ http://localhost:3001/_next/image?url=https%3A%2F%2Fplacehold.co%2F300x225%2F1e3a8a%2Fffffff%3Ftext%3DInfants&w=3840&q=75:0
[     188ms] [ERROR] Failed to load resource: the server responded with a status of 400 (Bad Request) @ http://localhost:3001/_next/image?url=https%3A%2F%2Fplacehold.co%2F300x225%2F1d4ed8%2Fffffff%3Ftext%3DToddlers&w=3840&q=75:0
[     189ms] [ERROR] Failed to load resource: the server responded with a status of 400 (Bad Request) @ http://localhost:3001/_next/image?url=https%3A%2F%2Fplacehold.co%2F300x225%2F1e40af%2Fffffff%3Ftext%3DPre%2BPrimary&w=3840&q=75:0
[     268ms] [LOG] [HMR] connected @ http://localhost:3001/_next/static/chunks/node_modules_next_dist_1ybzpk2._.js:2477
[     288ms] [ERROR] Failed to load resource: the server responded with a status of 404 () @ https://www.pinnaclemontessori360.com/stpaul/:0
[     290ms] [ERROR] Mixed Content: The page at 'https://www.pinnaclemontessori360.com/stpaul/' was loaded over HTTPS, but requested an insecure script 'http://code.jquery.com/jquery-3.3.1.min.js'. This request has been blocked; the content must be served over HTTPS. @ https://www.pinnaclemontessori360.com/stpaul/:0
[     292ms] ReferenceError: jQuery is not defined
    at https://www.pinnaclemontessori360.com/cgi-sys/js/simple-expand.min.js:4:2601
[     294ms] ReferenceError: $ is not defined
    at https://www.pinnaclemontessori360.com/stpaul/:160:9
[     303ms] [WARNING] Image with src "https://placehold.co/800x600/1e40af/e2e8f0?text=Montessori+Classroom" has "fill" but is missing "sizes" prop. Please add it to improve page performance. Read more: https://nextjs.org/docs/api-reference/next/image#sizes @ http://localhost:3001/_next/static/chunks/node_modules_next_dist_1ybzpk2._.js:2477
[     303ms] [WARNING] Image with src "https://placehold.co/300x225/1e3a8a/ffffff?text=Infants" has "fill" but is missing "sizes" prop. Please add it to improve page performance. Read more: https://nextjs.org/docs/api-reference/next/image#sizes @ http://localhost:3001/_next/static/chunks/node_modules_next_dist_1ybzpk2._.js:2477
[     303ms] [WARNING] Image with src "https://placehold.co/300x225/1d4ed8/ffffff?text=Toddlers" has "fill" but is missing "sizes" prop. Please add it to improve page performance. Read more: https://nextjs.org/docs/api-reference/next/image#sizes @ http://localhost:3001/_next/static/chunks/node_modules_next_dist_1ybzpk2._.js:2477
[     303ms] [WARNING] Image with src "https://placehold.co/300x225/1e40af/ffffff?text=Pre+Primary" has "fill" but is missing "sizes" prop. Please add it to improve page performance. Read more: https://nextjs.org/docs/api-reference/next/image#sizes @ http://localhost:3001/_next/static/chunks/node_modules_next_dist_1ybzpk2._.js:2477
[   32918ms] [LOG] [HMR] connected @ http://localhost:3001/_next/static/chunks/node_modules_next_dist_1ybzpk2._.js:2477
[   33493ms] [INFO] %cDownload the React DevTools for a better development experience: https://react.dev/link/react-devtools font-weight:bold @ http://localhost:3001/_next/static/chunks/node_modules_next_dist_1ybzpk2._.js:2477
[   33598ms] [ERROR] Failed to load resource: the server responded with a status of 404 () @ https://www.pinnaclemontessori360.com/stpaul/:0
[   33600ms] [LOG] [HMR] connected @ http://localhost:3001/_next/static/chunks/node_modules_next_dist_1ybzpk2._.js:2477
[   33601ms] [ERROR] Mixed Content: The page at 'https://www.pinnaclemontessori360.com/stpaul/' was loaded over HTTPS, but requested an insecure script 'http://code.jquery.com/jquery-3.3.1.min.js'. This request has been blocked; the content must be served over HTTPS. @ https://www.pinnaclemontessori360.com/stpaul/:0
[   33610ms] ReferenceError: jQuery is not defined
    at https://www.pinnaclemontessori360.com/cgi-sys/js/simple-expand.min.js:4:2601
[   33610ms] ReferenceError: $ is not defined
    at https://www.pinnaclemontessori360.com/stpaul/:160:9
[   37651ms] [LOG] [Fast Refresh] rebuilding @ http://localhost:3001/_next/static/chunks/node_modules_next_dist_1ybzpk2._.js:2477
[   37698ms] [LOG] [Fast Refresh] done in 24ms @ http://localhost:3001/_next/static/chunks/node_modules_next_dist_1ybzpk2._.js:2477
[   41760ms] [LOG] [Fast Refresh] rebuilding @ http://localhost:3001/_next/static/chunks/node_modules_next_dist_1ybzpk2._.js:2477
[   41817ms] [LOG] [Fast Refresh] done in 53ms @ http://localhost:3001/_next/static/chunks/node_modules_next_dist_1ybzpk2._.js:2477
[   57428ms] [ERROR] WebSocket connection to 'ws://localhost:3001/_next/webpack-hmr?id=D_KnX3IjoXW7HLCEGkcfG' failed:  @ http://localhost:3001/_next/static/chunks/node_modules_next_dist_client_0r5nbpw._.js:13422
[   58435ms] [ERROR] WebSocket connection to 'ws://localhost:3001/_next/webpack-hmr?id=D_KnX3IjoXW7HLCEGkcfG' failed: Error in connection establishment: net::ERR_CONNECTION_REFUSED @ http://localhost:3001/_next/static/chunks/node_modules_next_dist_client_0r5nbpw._.js:13422
[   59440ms] [LOG] [HMR] connected @ http://localhost:3001/_next/static/chunks/node_modules_next_dist_1ybzpk2._.js:2477
[   60020ms] [INFO] %cDownload the React DevTools for a better development experience: https://react.dev/link/react-devtools font-weight:bold @ http://localhost:3001/_next/static/chunks/node_modules_next_dist_1ybzpk2._.js:2477
[   60110ms] [LOG] [HMR] connected @ http://localhost:3001/_next/static/chunks/node_modules_next_dist_1ybzpk2._.js:2477
[   60227ms] [ERROR] Failed to load resource: the server responded with a status of 404 () @ https://www.pinnaclemontessori360.com/stpaul/:0
[   60230ms] [ERROR] Mixed Content: The page at 'https://www.pinnaclemontessori360.com/stpaul/' was loaded over HTTPS, but requested an insecure script 'http://code.jquery.com/jquery-3.3.1.min.js'. This request has been blocked; the content must be served over HTTPS. @ https://www.pinnaclemontessori360.com/stpaul/:0
[   60233ms] ReferenceError: jQuery is not defined
    at https://www.pinnaclemontessori360.com/cgi-sys/js/simple-expand.min.js:4:2601
[   60233ms] ReferenceError: $ is not defined
    at https://www.pinnaclemontessori360.com/stpaul/:160:9
